// Jest Snapshot v1, https://goo.gl/fbAQLP

exports[`Adjectives matches snapshot 1`] = `
<ul
  class="sc-bczRLJ jksxgQ"
>
  <li
    class="sc-gsnTZi kOgEjT"
  >
    <h1
      class="sc-dkzDqf lmAeTQ"
    >
      Creativity
    </h1>
  </li>
  <li
    class="sc-gsnTZi kOgEjT"
  >
    <h1
      class="sc-dkzDqf lmAeTQ"
    >
      Singularity
    </h1>
  </li>
  <li
    class="sc-gsnTZi kOgEjT"
  >
    <h1
      class="sc-dkzDqf lmAeTQ"
    >
      Curiosity
    </h1>
  </li>
</ul>
`;
