// Jest Snapshot v1, https://goo.gl/fbAQLP

exports[`Adjectives matches snapshot 1`] = `
<ul
  class="sc-bczRLJ jksxgQ"
>
  <li
    class="sc-gsnTZi kOgEjT"
  >
    <h1
      class="sc-dkzDqf lmAeTQ"
    >
      Criatividade
    </h1>
  </li>
  <li
    class="sc-gsnTZi kOgEjT"
  >
    <h1
      class="sc-dkzDqf lmAeTQ"
    >
      Singularidade
    </h1>
  </li>
  <li
    class="sc-gsnTZi kOgEjT"
  >
    <h1
      class="sc-dkzDqf lmAeTQ"
    >
      Curiosidade
    </h1>
  </li>
</ul>
`;
