// Jest Snapshot v1, https://goo.gl/fbAQLP

exports[`AboutMe matches snapshot 1`] = `
<section
  class="sc-bczRLJ RcMkp"
>
  <h1
    class="sc-gsnTZi bRGGsb"
  >
    Giovanna Souza
    <span>
      .
    </span>
  </h1>
  <small
    class="sc-dkzDqf eZUUTv"
  >
    Front-end Developer 
    at
     
    <a
      class="sc-eCYdqJ cpJoyG"
      href="https://www.instagram.com/hypesoftbrasil/"
    >
      Hypesoft
    </a>
  </small>
  <p
    class="sc-hKMtZM bkfbAB"
  >
    Hi! Pleasure
     💜 
    <br />
    <br />
    I am a developer with a sparkle in my eye, who is always looking for the next level and who strives to bring relevant issues to the community.
    <br />
    <br />
    I am passionate about creating useful and good quality products for users, I currently have 2 years in the development area and I am improving both in the technical part and in the leadership part of a team.
    <br />
    <br />
    Some of my goals are to have continuous growth, impact people's lives and build good quality interfaces.
  </p>
</section>
`;
